MT ACUEDUCTO: eliminada 'Excavación manual en material común' (no va; espejo exacto del sanitario)
MT ACUEDUCTO: eliminada 'Excavación en conglomerado' (no va; espejo exacto del sanitario)
MT ACUEDUCTO: eliminada 'Relleno inicial alrededor de tubería' (no va; espejo exacto del sanitario)
MT ACUEDUCTO: eliminada 'Manejo y agotamiento de aguas' (no va; espejo exacto del sanitario)
MT ACUEDUCTO: eliminada 'Demolición de pavimento flexible' (no va; espejo exacto del sanitario)
MT ACUEDUCTO: eliminada 'Reposición de pavimento flexible y estructura' (no va; espejo exacto del sanitario)
MT ACUEDUCTO: eliminada 'Demolición y reposición de andén' (no va; espejo exacto del sanitario)
PLUVIAL tuberias: eliminada 'Suministro tubería PVC flexible Ø18"' (diametro sin uso en el diseno)
PLUVIAL tuberias: eliminada 'Suministro tubería PVC flexible Ø27"' (diametro sin uso en el diseno)
PLUVIAL tuberias: eliminada 'Suministro tubería en concreto CSR Ø12"' (serie en concreto: definitivamente no va, nunca modelada)
PLUVIAL tuberias: eliminada 'Suministro tubería en concreto CSR Ø14"' (serie en concreto: definitivamente no va, nunca modelada)
PLUVIAL tuberias: eliminada 'Suministro tubería en concreto CSR Ø18"' (serie en concreto: definitivamente no va, nunca modelada)
PLUVIAL tuberias: eliminada 'Suministro tubería en concreto CSR Ø20"' (serie en concreto: definitivamente no va, nunca modelada)
PLUVIAL tuberias: eliminada 'Suministro tubería en concreto CSR Ø24"' (serie en concreto: definitivamente no va, nunca modelada)
PLUVIAL tuberias: eliminada 'Suministro tubería en concreto CCR Ø24"' (serie en concreto: definitivamente no va, nunca modelada)
PLUVIAL tuberias: eliminada 'Suministro tubería en concreto CCR Ø27"' (serie en concreto: definitivamente no va, nunca modelada)
PLUVIAL tuberias: eliminada 'Suministro tubería en concreto CCR Ø30"' (serie en concreto: definitivamente no va, nunca modelada)
PLUVIAL tuberias: eliminada 'Suministro tubería en concreto CCR Ø36"' (serie en concreto: definitivamente no va, nunca modelada)
PLUVIAL tuberias: eliminada 'Suministro tubería en concreto CCR Ø40"' (serie en concreto: definitivamente no va, nunca modelada)
PLUVIAL tuberias: eliminada 'Suministro tubería en concreto CER Ø12"' (serie en concreto: definitivamente no va, nunca modelada)
PLUVIAL tuberias: eliminada 'Suministro tubería en concreto CER Ø18"' (serie en concreto: definitivamente no va, nunca modelada)
PLUVIAL tuberias: eliminada 'Instalación tubería PVC flexible Ø18"' (diametro sin uso en el diseno)
PLUVIAL tuberias: eliminada 'Instalación tubería PVC flexible Ø27"' (diametro sin uso en el diseno)
PLUVIAL tuberias: eliminada 'Instalación tubería en concreto CSR Ø12"' (serie en concreto: definitivamente no va, nunca modelada)
PLUVIAL tuberias: eliminada 'Instalación tubería en concreto CSR Ø14"' (serie en concreto: definitivamente no va, nunca modelada)
PLUVIAL tuberias: eliminada 'Instalación tubería en concreto CSR Ø18"' (serie en concreto: definitivamente no va, nunca modelada)
PLUVIAL tuberias: eliminada 'Instalación tubería en concreto CSR Ø20"' (serie en concreto: definitivamente no va, nunca modelada)
PLUVIAL tuberias: eliminada 'Instalación tubería en concreto CSR Ø24"' (serie en concreto: definitivamente no va, nunca modelada)
PLUVIAL tuberias: eliminada 'Instalación tubería en concreto CCR Ø24"' (serie en concreto: definitivamente no va, nunca modelada)
PLUVIAL tuberias: eliminada 'Instalación tubería en concreto CCR Ø27"' (serie en concreto: definitivamente no va, nunca modelada)
PLUVIAL tuberias: eliminada 'Instalación tubería en concreto CCR Ø30"' (serie en concreto: definitivamente no va, nunca modelada)
PLUVIAL tuberias: eliminada 'Instalación tubería en concreto CCR Ø36"' (serie en concreto: definitivamente no va, nunca modelada)
PLUVIAL tuberias: eliminada 'Instalación tubería en concreto CCR Ø40"' (serie en concreto: definitivamente no va, nunca modelada)
PLUVIAL tuberias: eliminada 'Instalación tubería en concreto CER Ø12"' (serie en concreto: definitivamente no va, nunca modelada)
PLUVIAL tuberias: eliminada 'Instalación tubería en concreto CER Ø18"' (serie en concreto: definitivamente no va, nunca modelada)
PLUVIAL pozos: eliminada 'Cámara en concreto (Diám.>=36")' (duplicada/sin tuberias de ese porte)
PLUVIAL pozos: eliminada 'Suministro e instalación cono y tapa para pozo de inspección' (duplicada/sin tuberias de ese porte)
